
> eventhub-api@0.1.0 test
> jest --coverage

node.exe : FAIL __tests__/integration/reviews.test.js
At C:\Program Files\nodejs\npm.ps1:29 char:3
+   & $NODE_EXE $NPM_CLI_JS $args
+   ~~~~~~~~~~~~~~~~~~~~~~~~~~~~~
    + CategoryInfo          : NotSpecified: (FAIL __tests__/...reviews.test.js 
   :String) [], RemoteException
    + FullyQualifiedErrorId : NativeCommandError
 
  ΓùÅ Console

    console.log
      2026-03-30 20:33:11 [[33mwarn[39m]: Firebase not configured. Running 
in mock mode.

      at Console.log 
(node_modules/winston/lib/winston/transports/console.js:87:23)

    console.warn
      Database not available for review route tests: 
db(...).insert(...).onConflict is not a function

    [0m [90m 76 |[39m       console[33m.[39mlog([32m'Review test setup 
complete'[39m)[33m;[39m
     [90m 77 |[39m     } [36mcatch[39m (err) {
    [31m[1m>[22m[39m[90m 78 |[39m       
console[33m.[39mwarn([32m'Database not available for review route 
tests:'[39m[33m,[39m err[33m.[39mmessage)[33m;[39m
     [90m    |[39m               [31m[1m^[22m[39m
     [90m 79 |[39m     }
     [90m 80 |[39m   })[33m;[39m
     [90m 81 |[39m[0m

      at Object.warn (__tests__/integration/reviews.test.js:78:15)

    console.log
      2026-03-30 20:33:11 [[32minfo[39m]: GET 
/api/user/4c51764b-196d-449e-bd28-4f78b1fa6220/reviews

      at Console.log 
(node_modules/winston/lib/winston/transports/console.js:87:23)

    console.log
      2026-03-30 20:33:11 [[32minfo[39m]: GET 
/user/4c51764b-196d-449e-bd28-4f78b1fa6220/reviews

      at Console.log 
(node_modules/winston/lib/winston/transports/console.js:87:23)

    console.log
      2026-03-30 20:33:11 [[31merror[39m]: Error fetching reviews for host 
4c51764b-196d-449e-bd28-4f78b1fa6220: db(...).where(...).count(...).first is 
not a function

      at Console.log 
(node_modules/winston/lib/winston/transports/console.js:87:23)

    console.log
      2026-03-30 20:33:11 [[31merror[39m]: Error handler caught: 
db(...).where(...).count(...).first is not a function

      at Console.log 
(node_modules/winston/lib/winston/transports/console.js:87:23)

    console.log
      2026-03-30 20:33:11 [[31merror[39m]: Error: 500 - 
db(...).where(...).count(...).first is not a function

      at Console.log 
(node_modules/winston/lib/winston/transports/console.js:87:23)

    console.log
      2026-03-30 20:33:11 [[32minfo[39m]: GET 
/api/user/3e0c6ca3-a4b5-470d-ae73-71ecaecc7ed8/reviews

      at Console.log 
(node_modules/winston/lib/winston/transports/console.js:87:23)

    console.log
      2026-03-30 20:33:11 [[32minfo[39m]: GET 
/user/3e0c6ca3-a4b5-470d-ae73-71ecaecc7ed8/reviews

      at Console.log 
(node_modules/winston/lib/winston/transports/console.js:87:23)

    console.log
      2026-03-30 20:33:11 [[31merror[39m]: Error fetching reviews for host 
3e0c6ca3-a4b5-470d-ae73-71ecaecc7ed8: db(...).where(...).count(...).first is 
not a function

      at Console.log 
(node_modules/winston/lib/winston/transports/console.js:87:23)

    console.log
      2026-03-30 20:33:11 [[31merror[39m]: Error handler caught: 
db(...).where(...).count(...).first is not a function

      at Console.log 
(node_modules/winston/lib/winston/transports/console.js:87:23)

    console.log
      2026-03-30 20:33:11 [[31merror[39m]: Error: 500 - 
db(...).where(...).count(...).first is not a function

      at Console.log 
(node_modules/winston/lib/winston/transports/console.js:87:23)

  ΓùÅ Review Routes ΓÇ║ GET /api/user/:user_id/reviews ΓÇ║ should return host 
reviews

    expected 200 "OK", got 500 "Internal Server Error"

    [0m [90m 208 |[39m       request(app)
     [90m 209 |[39m         
[33m.[39m[36mget[39m([32m`/api/user/${hostId}/reviews`[39m)
    [31m[1m>[22m[39m[90m 210 |[39m         
[33m.[39mexpect([35m200[39m)
     [90m     |[39m          [31m[1m^[22m[39m
     [90m 211 |[39m         [33m.[39mend((err[33m,[39m res) [33m=>[39m 
{
     [90m 212 |[39m           [36mif[39m (err) [36mreturn[39m 
done(err)[33m;[39m
     [90m 213 |[39m           expect(res[33m.[39mbody[33m.[39msuccess)[3
3m.[39mtoBe([36mtrue[39m)[33m;[39m[0m

      at Object.expect (__tests__/integration/reviews.test.js:210:10)
      ----
      at Test._assertStatus (node_modules/supertest/lib/test.js:252:14)
      at node_modules/supertest/lib/test.js:308:13
      at Test._assertFunction (node_modules/supertest/lib/test.js:285:13)
      at Test.assert (node_modules/supertest/lib/test.js:164:23)
      at Server.localAssert (node_modules/supertest/lib/test.js:120:14)

  ΓùÅ Review Routes ΓÇ║ GET /api/user/:user_id/reviews ΓÇ║ should return 404 
for non-existent user

    expected 404 "Not Found", got 500 "Internal Server Error"

    [0m [90m 221 |[39m       request(app)
     [90m 222 |[39m         
[33m.[39m[36mget[39m([32m`/api/user/${fakeId}/reviews`[39m)
    [31m[1m>[22m[39m[90m 223 |[39m         
[33m.[39mexpect([35m404[39m[33m,[39m done)[33m;[39m
     [90m     |[39m          [31m[1m^[22m[39m
     [90m 224 |[39m     })[33m;[39m
     [90m 225 |[39m   })[33m;[39m
     [90m 226 |[39m[0m

      at Object.expect (__tests__/integration/reviews.test.js:223:10)
      ----
      at Test._assertStatus (node_modules/supertest/lib/test.js:252:14)
      at node_modules/supertest/lib/test.js:308:13
      at Test._assertFunction (node_modules/supertest/lib/test.js:285:13)
      at Test.assert (node_modules/supertest/lib/test.js:164:23)
      at Server.localAssert (node_modules/supertest/lib/test.js:120:14)

FAIL __tests__/integration/events.test.js
  ΓùÅ Console

    console.log
      2026-03-30 20:33:11 [[33mwarn[39m]: Firebase not configured. Running 
in mock mode.

      at Console.log 
(node_modules/winston/lib/winston/transports/console.js:87:23)

    console.warn
      Database not available for event route tests

    [0m [90m 41 |[39m       console[33m.[39mlog([32m'Test host 
created:'[39m[33m,[39m hostId)[33m;[39m
     [90m 42 |[39m     } [36mcatch[39m (err) {
    [31m[1m>[22m[39m[90m 43 |[39m       
console[33m.[39mwarn([32m'Database not available for event route 
tests'[39m)[33m;[39m
     [90m    |[39m               [31m[1m^[22m[39m
     [90m 44 |[39m     }
     [90m 45 |[39m   })[33m;[39m
     [90m 46 |[39m[0m

      at Object.warn (__tests__/integration/events.test.js:43:15)

    console.log
      2026-03-30 20:33:11 [[32minfo[39m]: GET /api/events

      at Console.log 
(node_modules/winston/lib/winston/transports/console.js:87:23)

    console.log
      2026-03-30 20:33:11 [[32minfo[39m]: GET /events

      at Console.log 
(node_modules/winston/lib/winston/transports/console.js:87:23)

    console.log
      2026-03-30 20:33:11 [[33mwarn[39m]: GET /events - validation error: 
"location" is not allowed

      at Console.log 
(node_modules/winston/lib/winston/transports/console.js:87:23)

    console.log
      2026-03-30 20:33:11 [[31merror[39m]: Error: 400 - Validation error: 
"location" is not allowed

      at Console.log 
(node_modules/winston/lib/winston/transports/console.js:87:23)

    console.log
      2026-03-30 20:33:11 [[32minfo[39m]: GET /api/events

      at Console.log 
(node_modules/winston/lib/winston/transports/console.js:87:23)

    console.log
      2026-03-30 20:33:11 [[32minfo[39m]: GET /events

      at Console.log 
(node_modules/winston/lib/winston/transports/console.js:87:23)

    console.log
      2026-03-30 20:33:11 [[33mwarn[39m]: GET /events - validation error: 
"location" is not allowed

      at Console.log 
(node_modules/winston/lib/winston/transports/console.js:87:23)

    console.log
      2026-03-30 20:33:11 [[31merror[39m]: Error: 400 - Validation error: 
"location" is not allowed

      at Console.log 
(node_modules/winston/lib/winston/transports/console.js:87:23)

    console.log
      2026-03-30 20:33:11 [[32minfo[39m]: GET /api/events

      at Console.log 
(node_modules/winston/lib/winston/transports/console.js:87:23)

    console.log
      2026-03-30 20:33:11 [[32minfo[39m]: GET /events

      at Console.log 
(node_modules/winston/lib/winston/transports/console.js:87:23)

    console.log
      2026-03-30 20:33:11 [[33mwarn[39m]: GET /events - validation error: 
"location" is not allowed

      at Console.log 
(node_modules/winston/lib/winston/transports/console.js:87:23)

    console.log
      2026-03-30 20:33:11 [[31merror[39m]: Error: 400 - Validation error: 
"location" is not allowed

      at Console.log 
(node_modules/winston/lib/winston/transports/console.js:87:23)

    console.log
      2026-03-30 20:33:11 [[32minfo[39m]: GET /api/events

      at Console.log 
(node_modules/winston/lib/winston/transports/console.js:87:23)

    console.log
      2026-03-30 20:33:11 [[32minfo[39m]: GET /events

      at Console.log 
(node_modules/winston/lib/winston/transports/console.js:87:23)

    console.log
      2026-03-30 20:33:11 [[33mwarn[39m]: GET /events - validation error: 
"location" is not allowed

      at Console.log 
(node_modules/winston/lib/winston/transports/console.js:87:23)

    console.log
      2026-03-30 20:33:11 [[31merror[39m]: Error: 400 - Validation error: 
"location" is not allowed

      at Console.log 
(node_modules/winston/lib/winston/transports/console.js:87:23)

    console.log
      2026-03-30 20:33:11 [[32minfo[39m]: GET /api/events/search

      at Console.log 
(node_modules/winston/lib/winston/transports/console.js:87:23)

    console.log
      2026-03-30 20:33:11 [[32minfo[39m]: GET /events/search

      at Console.log 
(node_modules/winston/lib/winston/transports/console.js:87:23)

    console.log
      2026-03-30 20:33:11 [[31merror[39m]: Error: 400 - Query parameter "q" 
is required

      at Console.log 
(node_modules/winston/lib/winston/transports/console.js:87:23)

    console.log
      2026-03-30 20:33:11 [[32minfo[39m]: GET /api/events/search

      at Console.log 
(node_modules/winston/lib/winston/transports/console.js:87:23)

    console.log
      2026-03-30 20:33:11 [[32minfo[39m]: GET /events/search

      at Console.log 
(node_modules/winston/lib/winston/transports/console.js:87:23)

    console.log
      2026-03-30 20:33:11 [[31merror[39m]: Error searching events: 
db(...).where(...).where(...).select(...).count(...).groupBy is not a function

      at Console.log 
(node_modules/winston/lib/winston/transports/console.js:87:23)

    console.log
      2026-03-30 20:33:11 [[31merror[39m]: Error handler caught: 
db(...).where(...).where(...).select(...).count(...).groupBy is not a function

      at Console.log 
(node_modules/winston/lib/winston/transports/console.js:87:23)

    console.log
      2026-03-30 20:33:12 [[31merror[39m]: Error: 500 - 
db(...).where(...).where(...).select(...).count(...).groupBy is not a function

      at Console.log 
(node_modules/winston/lib/winston/transports/console.js:87:23)

    console.log
      2026-03-30 20:33:12 [[32minfo[39m]: GET /api/events/search

      at Console.log 
(node_modules/winston/lib/winston/transports/console.js:87:23)

    console.log
      2026-03-30 20:33:12 [[32minfo[39m]: GET /events/search

      at Console.log 
(node_modules/winston/lib/winston/transports/console.js:87:23)

    console.log
      2026-03-30 20:33:12 [[31merror[39m]: Error searching events: 
db(...).where(...).where(...).select(...).count(...).groupBy is not a function

      at Console.log 
(node_modules/winston/lib/winston/transports/console.js:87:23)

    console.log
      2026-03-30 20:33:12 [[31merror[39m]: Error handler caught: 
db(...).where(...).where(...).select(...).count(...).groupBy is not a function

      at Console.log 
(node_modules/winston/lib/winston/transports/console.js:87:23)

    console.log
      2026-03-30 20:33:12 [[31merror[39m]: Error: 500 - 
db(...).where(...).where(...).select(...).count(...).groupBy is not a function

      at Console.log 
(node_modules/winston/lib/winston/transports/console.js:87:23)

    console.log
      2026-03-30 20:33:12 [[32minfo[39m]: GET /api/events/search

      at Console.log 
(node_modules/winston/lib/winston/transports/console.js:87:23)

    console.log
      2026-03-30 20:33:12 [[32minfo[39m]: GET /events/search

      at Console.log 
(node_modules/winston/lib/winston/transports/console.js:87:23)

    console.log
      2026-03-30 20:33:12 [[31merror[39m]: Error searching events: 
db(...).where(...).where(...).select(...).count(...).groupBy is not a function

      at Console.log 
(node_modules/winston/lib/winston/transports/console.js:87:23)

    console.log
      2026-03-30 20:33:12 [[31merror[39m]: Error handler caught: 
db(...).where(...).where(...).select(...).count(...).groupBy is not a function

      at Console.log 
(node_modules/winston/lib/winston/transports/console.js:87:23)

    console.log
      2026-03-30 20:33:12 [[31merror[39m]: Error: 500 - 
db(...).where(...).where(...).select(...).count(...).groupBy is not a function

      at Console.log 
(node_modules/winston/lib/winston/transports/console.js:87:23)

    console.log
      2026-03-30 20:33:12 [[32minfo[39m]: POST /api/events

      at Console.log 
(node_modules/winston/lib/winston/transports/console.js:87:23)

    console.log
      2026-03-30 20:33:12 [[34mdebug[39m]: No authorization header provided

      at Console.log 
(node_modules/winston/lib/winston/transports/console.js:87:23)

    console.log
      2026-03-30 20:33:12 [[32minfo[39m]: GET 
/api/events/c2ddcb4f-eece-4f99-a4e8-4081b934c323

      at Console.log 
(node_modules/winston/lib/winston/transports/console.js:87:23)

    console.log
      2026-03-30 20:33:12 [[32minfo[39m]: GET 
/events/c2ddcb4f-eece-4f99-a4e8-4081b934c323

      at Console.log 
(node_modules/winston/lib/winston/transports/console.js:87:23)

    console.log
      2026-03-30 20:33:12 [[31merror[39m]: Error fetching event 
c2ddcb4f-eece-4f99-a4e8-4081b934c323: Event not found

      at Console.log 
(node_modules/winston/lib/winston/transports/console.js:87:23)

    console.log
      2026-03-30 20:33:12 [[31merror[39m]: Error handler caught: Event not 
found

      at Console.log 
(node_modules/winston/lib/winston/transports/console.js:87:23)

    console.log
      2026-03-30 20:33:12 [[31merror[39m]: Error: 404 - Event not found

      at Console.log 
(node_modules/winston/lib/winston/transports/console.js:87:23)

  ΓùÅ Event Routes ΓÇ║ GET /api/events ΓÇ║ should return list of events

    expected 200 "OK", got 400 "Bad Request"

    [0m [90m 62 |[39m       request(app)
     [90m 63 |[39m         [33m.[39m[36mget[39m([32m'/api/events'[39m)
    [31m[1m>[22m[39m[90m 64 |[39m         
[33m.[39mexpect([35m200[39m)
     [90m    |[39m          [31m[1m^[22m[39m
     [90m 65 |[39m         [33m.[39mend((err[33m,[39m res) [33m=>[39m {
     [90m 66 |[39m           [36mif[39m (err) [36mreturn[39m 
done(err)[33m;[39m
     [90m 67 |[39m           expect(res[33m.[39mbody[33m.[39msuccess)[33
m.[39mtoBe([36mtrue[39m)[33m;[39m[0m

      at Object.expect (__tests__/integration/events.test.js:64:10)
      ----
      at Test._assertStatus (node_modules/supertest/lib/test.js:252:14)
      at node_modules/supertest/lib/test.js:308:13
      at Test._assertFunction (node_modules/supertest/lib/test.js:285:13)
      at Test.assert (node_modules/supertest/lib/test.js:164:23)
      at Server.localAssert (node_modules/supertest/lib/test.js:120:14)

  ΓùÅ Event Routes ΓÇ║ GET /api/events ΓÇ║ should support pagination

    expected 200 "OK", got 400 "Bad Request"

    [0m [90m 74 |[39m       request(app)
     [90m 75 |[39m         
[33m.[39m[36mget[39m([32m'/api/events?skip=0&limit=10'[39m)
    [31m[1m>[22m[39m[90m 76 |[39m         
[33m.[39mexpect([35m200[39m)
     [90m    |[39m          [31m[1m^[22m[39m
     [90m 77 |[39m         [33m.[39mend((err[33m,[39m res) [33m=>[39m {
     [90m 78 |[39m           [36mif[39m (err) [36mreturn[39m 
done(err)[33m;[39m
     [90m 79 |[39m           expect(res[33m.[39mbody[33m.[39mmeta[33m.[
39mskip)[33m.[39mtoBe([35m0[39m)[33m;[39m[0m

      at Object.expect (__tests__/integration/events.test.js:76:10)
      ----
      at Test._assertStatus (node_modules/supertest/lib/test.js:252:14)
      at node_modules/supertest/lib/test.js:308:13
      at Test._assertFunction (node_modules/supertest/lib/test.js:285:13)
      at Test.assert (node_modules/supertest/lib/test.js:164:23)
      at Server.localAssert (node_modules/supertest/lib/test.js:120:14)

  ΓùÅ Event Routes ΓÇ║ GET /api/events ΓÇ║ should support event_type filter

    expected 200 "OK", got 400 "Bad Request"

    [0m [90m 86 |[39m       request(app)
     [90m 87 |[39m         
[33m.[39m[36mget[39m([32m'/api/events?event_type=sports'[39m)
    [31m[1m>[22m[39m[90m 88 |[39m         
[33m.[39mexpect([35m200[39m)
     [90m    |[39m          [31m[1m^[22m[39m
     [90m 89 |[39m         [33m.[39mend((err[33m,[39m res) [33m=>[39m {
     [90m 90 |[39m           [36mif[39m (err) [36mreturn[39m 
done(err)[33m;[39m
     [90m 91 |[39m           expect(res[33m.[39mbody[33m.[39msuccess)[33
m.[39mtoBe([36mtrue[39m)[33m;[39m[0m

      at Object.expect (__tests__/integration/events.test.js:88:10)
      ----
      at Test._assertStatus (node_modules/supertest/lib/test.js:252:14)
      at node_modules/supertest/lib/test.js:308:13
      at Test._assertFunction (node_modules/supertest/lib/test.js:285:13)
      at Test.assert (node_modules/supertest/lib/test.js:164:23)
      at Server.localAssert (node_modules/supertest/lib/test.js:120:14)

  ΓùÅ Event Routes ΓÇ║ GET /api/events ΓÇ║ should support price range filter

    expected 200 "OK", got 400 "Bad Request"

    [0m [90m  97 |[39m       request(app)
     [90m  98 |[39m         
[33m.[39m[36mget[39m([32m'/api/events?price_min=0&price_max=1000'[39m)
    [31m[1m>[22m[39m[90m  99 |[39m         
[33m.[39mexpect([35m200[39m)
     [90m     |[39m          [31m[1m^[22m[39m
     [90m 100 |[39m         [33m.[39mend((err[33m,[39m res) [33m=>[39m 
{
     [90m 101 |[39m           [36mif[39m (err) [36mreturn[39m 
done(err)[33m;[39m
     [90m 102 |[39m           expect(res[33m.[39mbody[33m.[39msuccess)[3
3m.[39mtoBe([36mtrue[39m)[33m;[39m[0m

      at Object.expect (__tests__/integration/events.test.js:99:10)
      ----
      at Test._assertStatus (node_modules/supertest/lib/test.js:252:14)
      at node_modules/supertest/lib/test.js:308:13
      at Test._assertFunction (node_modules/supertest/lib/test.js:285:13)
      at Test.assert (node_modules/supertest/lib/test.js:164:23)
      at Server.localAssert (node_modules/supertest/lib/test.js:120:14)

  ΓùÅ Event Routes ΓÇ║ GET /api/events/search ΓÇ║ should search by query string

    expected 200 "OK", got 500 "Internal Server Error"

    [0m [90m 116 |[39m       request(app)
     [90m 117 |[39m         
[33m.[39m[36mget[39m([32m'/api/events/search?q=basketball'[39m)
    [31m[1m>[22m[39m[90m 118 |[39m         
[33m.[39mexpect([35m200[39m)
     [90m     |[39m          [31m[1m^[22m[39m
     [90m 119 |[39m         [33m.[39mend((err[33m,[39m res) [33m=>[39m 
{
     [90m 120 |[39m           [36mif[39m (err) [36mreturn[39m 
done(err)[33m;[39m
     [90m 121 |[39m           expect(res[33m.[39mbody[33m.[39msuccess)[3
3m.[39mtoBe([36mtrue[39m)[33m;[39m[0m

      at Object.expect (__tests__/integration/events.test.js:118:10)
      ----
      at Test._assertStatus (node_modules/supertest/lib/test.js:252:14)
      at node_modules/supertest/lib/test.js:308:13
      at Test._assertFunction (node_modules/supertest/lib/test.js:285:13)
      at Test.assert (node_modules/supertest/lib/test.js:164:23)
      at Server.localAssert (node_modules/supertest/lib/test.js:120:14)

  ΓùÅ Event Routes ΓÇ║ GET /api/events/search ΓÇ║ should return facets in 
search results

    expected 200 "OK", got 500 "Internal Server Error"

    [0m [90m 128 |[39m       request(app)
     [90m 129 |[39m         
[33m.[39m[36mget[39m([32m'/api/events/search?q=event'[39m)
    [31m[1m>[22m[39m[90m 130 |[39m         
[33m.[39mexpect([35m200[39m)
     [90m     |[39m          [31m[1m^[22m[39m
     [90m 131 |[39m         [33m.[39mend((err[33m,[39m res) [33m=>[39m 
{
     [90m 132 |[39m           [36mif[39m (err) [36mreturn[39m 
done(err)[33m;[39m
     [90m 133 |[39m           expect(res[33m.[39mbody[33m.[39mmeta[33m.
[39mfacets)[33m.[39mtoBeDefined()[33m;[39m[0m

      at Object.expect (__tests__/integration/events.test.js:130:10)
      ----
      at Test._assertStatus (node_modules/supertest/lib/test.js:252:14)
      at node_modules/supertest/lib/test.js:308:13
      at Test._assertFunction (node_modules/supertest/lib/test.js:285:13)
      at Test.assert (node_modules/supertest/lib/test.js:164:23)
      at Server.localAssert (node_modules/supertest/lib/test.js:120:14)

  ΓùÅ Event Routes ΓÇ║ GET /api/events/search ΓÇ║ should support filter 
parameters

    expected 200 "OK", got 500 "Internal Server Error"

    [0m [90m 139 |[39m       request(app)
     [90m 140 |[39m         [33m.[39m[36mget[39m([32m'/api/events/search
?q=event&event_type=sports&skill_level=beginner'[39m)
    [31m[1m>[22m[39m[90m 141 |[39m         
[33m.[39mexpect([35m200[39m)
     [90m     |[39m          [31m[1m^[22m[39m
     [90m 142 |[39m         [33m.[39mend((err[33m,[39m res) [33m=>[39m 
{
     [90m 143 |[39m           [36mif[39m (err) [36mreturn[39m 
done(err)[33m;[39m
     [90m 144 |[39m           expect(res[33m.[39mbody[33m.[39msuccess)[3
3m.[39mtoBe([36mtrue[39m)[33m;[39m[0m

      at Object.expect (__tests__/integration/events.test.js:141:10)
      ----
      at Test._assertStatus (node_modules/supertest/lib/test.js:252:14)
      at node_modules/supertest/lib/test.js:308:13
      at Test._assertFunction (node_modules/supertest/lib/test.js:285:13)
      at Test.assert (node_modules/supertest/lib/test.js:164:23)
      at Server.localAssert (node_modules/supertest/lib/test.js:120:14)

FAIL __tests__/integration/auth.test.js
  ΓùÅ Console

    console.log
      2026-03-30 20:33:11 [[33mwarn[39m]: Firebase not configured. Running 
in mock mode.

      at Console.log 
(node_modules/winston/lib/winston/transports/console.js:87:23)

    console.log
      2026-03-30 20:33:11 [[32minfo[39m]: POST /api/auth/login

      at Console.log 
(node_modules/winston/lib/winston/transports/console.js:87:23)

    console.log
      2026-03-30 20:33:11 [[33mwarn[39m]: Using mock authentication in 
development/test mode

      at Console.log 
(node_modules/winston/lib/winston/transports/console.js:87:23)

    console.log
      2026-03-30 20:33:11 [[32minfo[39m]: New user created: 
051ba5b4-567b-4dad-8640-5c661b010ffa (+919999999999)

      at Console.log 
(node_modules/winston/lib/winston/transports/console.js:87:23)

    console.log
      2026-03-30 20:33:11 [[31merror[39m]: Error signing access token: 
secretOrPrivateKey must be an asymmetric key when using RS256

      at Console.log 
(node_modules/winston/lib/winston/transports/console.js:87:23)

    console.log
      2026-03-30 20:33:11 [[31merror[39m]: Login failed: Failed to sign 
access token

      at Console.log 
(node_modules/winston/lib/winston/transports/console.js:87:23)

    console.log
      2026-03-30 20:33:11 [[31merror[39m]: Login error: Failed to sign 
access token

      at Console.log 
(node_modules/winston/lib/winston/transports/console.js:87:23)

    console.log
      2026-03-30 20:33:11 [[32minfo[39m]: POST /api/auth/login

      at Console.log 
(node_modules/winston/lib/winston/transports/console.js:87:23)

    console.log
      2026-03-30 20:33:11 [[33mwarn[39m]: Using mock authentication in 
development/test mode

      at Console.log 
(node_modules/winston/lib/winston/transports/console.js:87:23)

    console.log
      2026-03-30 20:33:11 [[32minfo[39m]: User found: 
051ba5b4-567b-4dad-8640-5c661b010ffa

      at Console.log 
(node_modules/winston/lib/winston/transports/console.js:87:23)

    console.log
      2026-03-30 20:33:11 [[31merror[39m]: Error signing access token: 
secretOrPrivateKey must be an asymmetric key when using RS256

      at Console.log 
(node_modules/winston/lib/winston/transports/console.js:87:23)

    console.log
      2026-03-30 20:33:11 [[31merror[39m]: Login failed: Failed to sign 
access token

      at Console.log 
(node_modules/winston/lib/winston/transports/console.js:87:23)

    console.log
      2026-03-30 20:33:11 [[31merror[39m]: Login error: Failed to sign 
access token

      at Console.log 
(node_modules/winston/lib/winston/transports/console.js:87:23)

    console.log
      2026-03-30 20:33:11 [[32minfo[39m]: POST /api/auth/login

      at Console.log 
(node_modules/winston/lib/winston/transports/console.js:87:23)

    console.log
      2026-03-30 20:33:11 [[33mwarn[39m]: Login validation failed: "idToken" 
is required

      at Console.log 
(node_modules/winston/lib/winston/transports/console.js:87:23)

    console.log
      2026-03-30 20:33:11 [[32minfo[39m]: POST /api/auth/login

      at Console.log 
(node_modules/winston/lib/winston/transports/console.js:87:23)

    console.log
      2026-03-30 20:33:11 [[33mwarn[39m]: Using mock authentication in 
development/test mode

      at Console.log 
(node_modules/winston/lib/winston/transports/console.js:87:23)

    console.log
      2026-03-30 20:33:11 [[31merror[39m]: Login failed: Mock token must 
start with "mock:" followed by phone number

      at Console.log 
(node_modules/winston/lib/winston/transports/console.js:87:23)

    console.log
      2026-03-30 20:33:11 [[31merror[39m]: Login error: Mock token must 
start with "mock:" followed by phone number

      at Console.log 
(node_modules/winston/lib/winston/transports/console.js:87:23)

    console.log
      2026-03-30 20:33:11 [[32minfo[39m]: POST /api/auth/login

      at Console.log 
(node_modules/winston/lib/winston/transports/console.js:87:23)

    console.log
      2026-03-30 20:33:11 [[33mwarn[39m]: Using mock authentication in 
development/test mode

      at Console.log 
(node_modules/winston/lib/winston/transports/console.js:87:23)

    console.log
      2026-03-30 20:33:11 [[32minfo[39m]: User found: 
051ba5b4-567b-4dad-8640-5c661b010ffa

      at Console.log 
(node_modules/winston/lib/winston/transports/console.js:87:23)

    console.log
      2026-03-30 20:33:11 [[31merror[39m]: Error signing access token: 
secretOrPrivateKey must be an asymmetric key when using RS256

      at Console.log 
(node_modules/winston/lib/winston/transports/console.js:87:23)

    console.log
      2026-03-30 20:33:11 [[31merror[39m]: Login failed: Failed to sign 
access token

      at Console.log 
(node_modules/winston/lib/winston/transports/console.js:87:23)

    console.log
      2026-03-30 20:33:11 [[31merror[39m]: Login error: Failed to sign 
access token

      at Console.log 
(node_modules/winston/lib/winston/transports/console.js:87:23)

    console.log
      2026-03-30 20:33:11 [[32minfo[39m]: POST /api/auth/login

      at Console.log 
(node_modules/winston/lib/winston/transports/console.js:87:23)

    console.log
      2026-03-30 20:33:12 [[33mwarn[39m]: Using mock authentication in 
development/test mode

      at Console.log 
(node_modules/winston/lib/winston/transports/console.js:87:23)

    console.log
      2026-03-30 20:33:12 [[32minfo[39m]: User found: 
051ba5b4-567b-4dad-8640-5c661b010ffa

      at Console.log 
(node_modules/winston/lib/winston/transports/console.js:87:23)

    console.log
      2026-03-30 20:33:12 [[31merror[39m]: Error signing access token: 
secretOrPrivateKey must be an asymmetric key when using RS256

      at Console.log 
(node_modules/winston/lib/winston/transports/console.js:87:23)

    console.log
      2026-03-30 20:33:12 [[31merror[39m]: Login failed: Failed to sign 
access token

      at Console.log 
(node_modules/winston/lib/winston/transports/console.js:87:23)

    console.log
      2026-03-30 20:33:12 [[31merror[39m]: Login error: Failed to sign 
access token

      at Console.log 
(node_modules/winston/lib/winston/transports/console.js:87:23)

    console.log
      2026-03-30 20:33:12 [[32minfo[39m]: POST /api/auth/login

      at Console.log 
(node_modules/winston/lib/winston/transports/console.js:87:23)

    console.log
      2026-03-30 20:33:12 [[33mwarn[39m]: Using mock authentication in 
development/test mode

      at Console.log 
(node_modules/winston/lib/winston/transports/console.js:87:23)

    console.log
      2026-03-30 20:33:12 [[32minfo[39m]: User found: 
051ba5b4-567b-4dad-8640-5c661b010ffa

      at Console.log 
(node_modules/winston/lib/winston/transports/console.js:87:23)

    console.log
      2026-03-30 20:33:12 [[31merror[39m]: Error signing access token: 
secretOrPrivateKey must be an asymmetric key when using RS256

      at Console.log 
(node_modules/winston/lib/winston/transports/console.js:87:23)

    console.log
      2026-03-30 20:33:12 [[31merror[39m]: Login failed: Failed to sign 
access token

      at Console.log 
(node_modules/winston/lib/winston/transports/console.js:87:23)

    console.log
      2026-03-30 20:33:12 [[31merror[39m]: Login error: Failed to sign 
access token

      at Console.log 
(node_modules/winston/lib/winston/transports/console.js:87:23)

    console.log
      2026-03-30 20:33:12 [[32minfo[39m]: POST /api/auth/refresh

      at Console.log 
(node_modules/winston/lib/winston/transports/console.js:87:23)

    console.log
      2026-03-30 20:33:12 [[33mwarn[39m]: Refresh validation failed: 
"refreshToken" is required

      at Console.log 
(node_modules/winston/lib/winston/transports/console.js:87:23)

    console.log
      2026-03-30 20:33:12 [[32minfo[39m]: POST /api/auth/refresh

      at Console.log 
(node_modules/winston/lib/winston/transports/console.js:87:23)

    console.log
      2026-03-30 20:33:12 [[33mwarn[39m]: Invalid token: invalid token

      at Console.log 
(node_modules/winston/lib/winston/transports/console.js:87:23)

    console.log
      2026-03-30 20:33:12 [[31merror[39m]: Token refresh error: Invalid token

      at Console.log 
(node_modules/winston/lib/winston/transports/console.js:87:23)

    console.log
      2026-03-30 20:33:12 [[32minfo[39m]: POST /api/auth/login

      at Console.log 
(node_modules/winston/lib/winston/transports/console.js:87:23)

    console.log
      2026-03-30 20:33:12 [[33mwarn[39m]: Using mock authentication in 
development/test mode

      at Console.log 
(node_modules/winston/lib/winston/transports/console.js:87:23)

    console.log
      2026-03-30 20:33:12 [[32minfo[39m]: User found: 
051ba5b4-567b-4dad-8640-5c661b010ffa

      at Console.log 
(node_modules/winston/lib/winston/transports/console.js:87:23)

    console.log
      2026-03-30 20:33:12 [[31merror[39m]: Error signing access token: 
secretOrPrivateKey must be an asymmetric key when using RS256

      at Console.log 
(node_modules/winston/lib/winston/transports/console.js:87:23)

    console.log
      2026-03-30 20:33:12 [[31merror[39m]: Login failed: Failed to sign 
access token

      at Console.log 
(node_modules/winston/lib/winston/transports/console.js:87:23)

    console.log
      2026-03-30 20:33:12 [[31merror[39m]: Login error: Failed to sign 
access token

      at Console.log 
(node_modules/winston/lib/winston/transports/console.js:87:23)

    console.log
      2026-03-30 20:33:12 [[32minfo[39m]: GET /api/auth/me

      at Console.log 
(node_modules/winston/lib/winston/transports/console.js:87:23)

    console.log
      2026-03-30 20:33:12 [[34mdebug[39m]: No authorization header provided

      at Console.log 
(node_modules/winston/lib/winston/transports/console.js:87:23)

    console.log
      2026-03-30 20:33:12 [[32minfo[39m]: GET /api/auth/me

      at Console.log 
(node_modules/winston/lib/winston/transports/console.js:87:23)

    console.log
      2026-03-30 20:33:12 [[33mwarn[39m]: Invalid token: invalid token

      at Console.log 
(node_modules/winston/lib/winston/transports/console.js:87:23)

    console.log
      2026-03-30 20:33:12 [[33mwarn[39m]: Authentication failed: Invalid 
token

      at Console.log 
(node_modules/winston/lib/winston/transports/console.js:87:23)

    console.log
      2026-03-30 20:33:12 [[32minfo[39m]: GET /api/auth/me

      at Console.log 
(node_modules/winston/lib/winston/transports/console.js:87:23)

    console.log
      2026-03-30 20:33:12 [[34mdebug[39m]: No authorization header provided

      at Console.log 
(node_modules/winston/lib/winston/transports/console.js:87:23)

    console.log
      2026-03-30 20:33:12 [[32minfo[39m]: POST /api/auth/login

      at Console.log 
(node_modules/winston/lib/winston/transports/console.js:87:23)

    console.log
      2026-03-30 20:33:12 [[33mwarn[39m]: Using mock authentication in 
development/test mode

      at Console.log 
(node_modules/winston/lib/winston/transports/console.js:87:23)

    console.log
      2026-03-30 20:33:12 [[32minfo[39m]: User found: 
051ba5b4-567b-4dad-8640-5c661b010ffa

      at Console.log 
(node_modules/winston/lib/winston/transports/console.js:87:23)

    console.log
      2026-03-30 20:33:12 [[31merror[39m]: Error signing access token: 
secretOrPrivateKey must be an asymmetric key when using RS256

      at Console.log 
(node_modules/winston/lib/winston/transports/console.js:87:23)

    console.log
      2026-03-30 20:33:12 [[31merror[39m]: Login failed: Failed to sign 
access token

      at Console.log 
(node_modules/winston/lib/winston/transports/console.js:87:23)

    console.log
      2026-03-30 20:33:12 [[31merror[39m]: Login error: Failed to sign 
access token

      at Console.log 
(node_modules/winston/lib/winston/transports/console.js:87:23)

    console.log
      2026-03-30 20:33:12 [[32minfo[39m]: POST /api/auth/logout

      at Console.log 
(node_modules/winston/lib/winston/transports/console.js:87:23)

    console.log
      2026-03-30 20:33:12 [[34mdebug[39m]: No authorization header provided

      at Console.log 
(node_modules/winston/lib/winston/transports/console.js:87:23)

    console.log
      2026-03-30 20:33:12 [[32minfo[39m]: POST /api/auth/login

      at Console.log 
(node_modules/winston/lib/winston/transports/console.js:87:23)

    console.log
      2026-03-30 20:33:12 [[33mwarn[39m]: Using mock authentication in 
development/test mode

      at Console.log 
(node_modules/winston/lib/winston/transports/console.js:87:23)

    console.log
      2026-03-30 20:33:12 [[32minfo[39m]: User found: 
051ba5b4-567b-4dad-8640-5c661b010ffa

      at Console.log 
(node_modules/winston/lib/winston/transports/console.js:87:23)

    console.log
      2026-03-30 20:33:12 [[31merror[39m]: Error signing access token: 
secretOrPrivateKey must be an asymmetric key when using RS256

      at Console.log 
(node_modules/winston/lib/winston/transports/console.js:87:23)

    console.log
      2026-03-30 20:33:12 [[31merror[39m]: Login failed: Failed to sign 
access token

      at Console.log 
(node_modules/winston/lib/winston/transports/console.js:87:23)

    console.log
      2026-03-30 20:33:12 [[31merror[39m]: Login error: Failed to sign 
access token

      at Console.log 
(node_modules/winston/lib/winston/transports/console.js:87:23)

  ΓùÅ Authentication Endpoints ΓÇ║ POST /api/auth/login ΓÇ║ should login with 
mock token in development

    expected 200 "OK", got 401 "Unauthorized"

    [0m [90m 33 |[39m         [33m.[39mpost([32m'/api/auth/login'[39m)
     [90m 34 |[39m         [33m.[39msend({ idToken[33m:[39m mockIdToken 
})
    [31m[1m>[22m[39m[90m 35 |[39m         
[33m.[39mexpect([35m200[39m)[33m;[39m
     [90m    |[39m          [31m[1m^[22m[39m
     [90m 36 |[39m
     [90m 37 |[39m       expect(response[33m.[39mbody)[33m.[39mtoHaveProp
erty([32m'accessToken'[39m)[33m;[39m
     [90m 38 |[39m       expect(response[33m.[39mbody)[33m.[39mtoHaveProp
erty([32m'refreshToken'[39m)[33m;[39m[0m

      at Object.expect (__tests__/integration/auth.test.js:35:10)
      ----
      at Test._assertStatus (node_modules/supertest/lib/test.js:252:14)
      at node_modules/supertest/lib/test.js:308:13
      at Test._assertFunction (node_modules/supertest/lib/test.js:285:13)
      at Test.assert (node_modules/supertest/lib/test.js:164:23)
      at Server.localAssert (node_modules/supertest/lib/test.js:120:14)

  ΓùÅ Authentication Endpoints ΓÇ║ POST /api/auth/login ΓÇ║ should return user 
data on successful login

    expected 200 "OK", got 401 "Unauthorized"

    [0m [90m 45 |[39m         [33m.[39mpost([32m'/api/auth/login'[39m)
     [90m 46 |[39m         [33m.[39msend({ idToken[33m:[39m mockIdToken 
})
    [31m[1m>[22m[39m[90m 47 |[39m         
[33m.[39mexpect([35m200[39m)[33m;[39m
     [90m    |[39m          [31m[1m^[22m[39m
     [90m 48 |[39m
     [90m 49 |[39m       [36mconst[39m { user } [33m=[39m 
response[33m.[39mbody[33m;[39m
     [90m 50 |[39m       
expect(user)[33m.[39mtoHaveProperty([32m'id'[39m)[33m;[39m[0m

      at Object.expect (__tests__/integration/auth.test.js:47:10)
      ----
      at Test._assertStatus (node_modules/supertest/lib/test.js:252:14)
      at node_modules/supertest/lib/test.js:308:13
      at Test._assertFunction (node_modules/supertest/lib/test.js:285:13)
      at Test.assert (node_modules/supertest/lib/test.js:164:23)
      at Server.localAssert (node_modules/supertest/lib/test.js:120:14)

  ΓùÅ Authentication Endpoints ΓÇ║ POST /api/auth/login ΓÇ║ should create same 
user on repeated login

    expected 200 "OK", got 401 "Unauthorized"

    [0m [90m 77 |[39m         [33m.[39mpost([32m'/api/auth/login'[39m)
     [90m 78 |[39m         [33m.[39msend({ idToken[33m:[39m mockIdToken 
})
    [31m[1m>[22m[39m[90m 79 |[39m         
[33m.[39mexpect([35m200[39m)[33m;[39m
     [90m    |[39m          [31m[1m^[22m[39m
     [90m 80 |[39m
     [90m 81 |[39m       [36mconst[39m response2 [33m=[39m 
[36mawait[39m request(app)
     [90m 82 |[39m         [33m.[39mpost([32m'/api/auth/login'[39m)[0m

      at Object.expect (__tests__/integration/auth.test.js:79:10)
      ----
      at Test._assertStatus (node_modules/supertest/lib/test.js:252:14)
      at node_modules/supertest/lib/test.js:308:13
      at Test._assertFunction (node_modules/supertest/lib/test.js:285:13)
      at Test.assert (node_modules/supertest/lib/test.js:164:23)
      at Server.localAssert (node_modules/supertest/lib/test.js:120:14)

  ΓùÅ Authentication Endpoints ΓÇ║ POST /api/auth/refresh ΓÇ║ should refresh 
tokens with valid refresh token

    expected 200 "OK", got 401 "Unauthorized"

    [0m [90m 94 |[39m         [33m.[39mpost([32m'/api/auth/login'[39m)
     [90m 95 |[39m         [33m.[39msend({ idToken[33m:[39m mockIdToken 
})
    [31m[1m>[22m[39m[90m 96 |[39m         
[33m.[39mexpect([35m200[39m)[33m;[39m
     [90m    |[39m          [31m[1m^[22m[39m
     [90m 97 |[39m
     [90m 98 |[39m       [36mconst[39m { refreshToken } [33m=[39m 
loginResponse[33m.[39mbody[33m;[39m
     [90m 99 |[39m[0m

      at Object.expect (__tests__/integration/auth.test.js:96:10)
      ----
      at Test._assertStatus (node_modules/supertest/lib/test.js:252:14)
      at node_modules/supertest/lib/test.js:308:13
      at Test._assertFunction (node_modules/supertest/lib/test.js:285:13)
      at Test.assert (node_modules/supertest/lib/test.js:164:23)
      at Server.localAssert (node_modules/supertest/lib/test.js:120:14)

  ΓùÅ Authentication Endpoints ΓÇ║ POST /api/auth/refresh ΓÇ║ should generate 
new tokens on refresh

    expected 200 "OK", got 401 "Unauthorized"

    [0m [90m 113 |[39m         [33m.[39mpost([32m'/api/auth/login'[39m)
     [90m 114 |[39m         [33m.[39msend({ idToken[33m:[39m mockIdToken 
})
    [31m[1m>[22m[39m[90m 115 |[39m         
[33m.[39mexpect([35m200[39m)[33m;[39m
     [90m     |[39m          [31m[1m^[22m[39m
     [90m 116 |[39m
     [90m 117 |[39m       [36mconst[39m oldAccessToken [33m=[39m 
loginResponse[33m.[39mbody[33m.[39maccessToken[33m;[39m
     [90m 118 |[39m       [36mconst[39m refreshToken [33m=[39m 
loginResponse[33m.[39mbody[33m.[39mrefreshToken[33m;[39m[0m

      at Object.expect (__tests__/integration/auth.test.js:115:10)
      ----
      at Test._assertStatus (node_modules/supertest/lib/test.js:252:14)
      at node_modules/supertest/lib/test.js:308:13
      at Test._assertFunction (node_modules/supertest/lib/test.js:285:13)
      at Test.assert (node_modules/supertest/lib/test.js:164:23)
      at Server.localAssert (node_modules/supertest/lib/test.js:120:14)

  ΓùÅ Authentication Endpoints ΓÇ║ GET /api/auth/me ΓÇ║ should return current 
user when authenticated

    expected 200 "OK", got 401 "Unauthorized"

    [0m [90m 152 |[39m         [33m.[39mpost([32m'/api/auth/login'[39m)
     [90m 153 |[39m         [33m.[39msend({ idToken[33m:[39m mockIdToken 
})
    [31m[1m>[22m[39m[90m 154 |[39m         
[33m.[39mexpect([35m200[39m)[33m;[39m
     [90m     |[39m          [31m[1m^[22m[39m
     [90m 155 |[39m
     [90m 156 |[39m       [36mconst[39m { accessToken } [33m=[39m 
loginResponse[33m.[39mbody[33m;[39m
     [90m 157 |[39m[0m

      at Object.expect (__tests__/integration/auth.test.js:154:10)
      ----
      at Test._assertStatus (node_modules/supertest/lib/test.js:252:14)
      at node_modules/supertest/lib/test.js:308:13
      at Test._assertFunction (node_modules/supertest/lib/test.js:285:13)
      at Test.assert (node_modules/supertest/lib/test.js:164:23)
      at Server.localAssert (node_modules/supertest/lib/test.js:120:14)

  ΓùÅ Authentication Endpoints ΓÇ║ POST /api/auth/logout ΓÇ║ should logout 
authenticated user

    expected 200 "OK", got 401 "Unauthorized"

    [0m [90m 200 |[39m         [33m.[39mpost([32m'/api/auth/login'[39m)
     [90m 201 |[39m         [33m.[39msend({ idToken[33m:[39m mockIdToken 
})
    [31m[1m>[22m[39m[90m 202 |[39m         
[33m.[39mexpect([35m200[39m)[33m;[39m
     [90m     |[39m          [31m[1m^[22m[39m
     [90m 203 |[39m
     [90m 204 |[39m       [36mconst[39m { accessToken } [33m=[39m 
loginResponse[33m.[39mbody[33m;[39m
     [90m 205 |[39m[0m

      at Object.expect (__tests__/integration/auth.test.js:202:10)
      ----
      at Test._assertStatus (node_modules/supertest/lib/test.js:252:14)
      at node_modules/supertest/lib/test.js:308:13
      at Test._assertFunction (node_modules/supertest/lib/test.js:285:13)
      at Test.assert (node_modules/supertest/lib/test.js:164:23)
      at Server.localAssert (node_modules/supertest/lib/test.js:120:14)

  ΓùÅ Authentication Endpoints ΓÇ║ General Auth Flow ΓÇ║ should complete full 
auth cycle: login -> use token -> refresh -> logout

    expected 200 "OK", got 401 "Unauthorized"

    [0m [90m 228 |[39m         [33m.[39mpost([32m'/api/auth/login'[39m)
     [90m 229 |[39m         [33m.[39msend({ idToken[33m:[39m mockIdToken 
})
    [31m[1m>[22m[39m[90m 230 |[39m         
[33m.[39mexpect([35m200[39m)[33m;[39m
     [90m     |[39m          [31m[1m^[22m[39m
     [90m 231 |[39m
     [90m 232 |[39m       [36mconst[39m { accessToken[33m,[39m 
refreshToken } [33m=[39m loginRes[33m.[39mbody[33m;[39m
     [90m 233 |[39m[0m

      at Object.expect (__tests__/integration/auth.test.js:230:10)
      ----
      at Test._assertStatus (node_modules/supertest/lib/test.js:252:14)
      at node_modules/supertest/lib/test.js:308:13
      at Test._assertFunction (node_modules/supertest/lib/test.js:285:13)
      at Test.assert (node_modules/supertest/lib/test.js:164:23)
      at Server.localAssert (node_modules/supertest/lib/test.js:120:14)

FAIL __tests__/integration/bookings.test.js
  ΓùÅ Console

    console.log
      2026-03-30 20:33:12 [[33mwarn[39m]: Firebase not configured. Running 
in mock mode.

      at Console.log 
(node_modules/winston/lib/winston/transports/console.js:87:23)

    console.warn
      Database not available for booking route tests: 
db(...).insert(...).onConflict is not a function

    [0m [90m 66 |[39m       console[33m.[39mlog([32m'Booking test setup 
complete'[39m)[33m;[39m
     [90m 67 |[39m     } [36mcatch[39m (err) {
    [31m[1m>[22m[39m[90m 68 |[39m       
console[33m.[39mwarn([32m'Database not available for booking route 
tests:'[39m[33m,[39m err[33m.[39mmessage)[33m;[39m
     [90m    |[39m               [31m[1m^[22m[39m
     [90m 69 |[39m     }
     [90m 70 |[39m   })[33m;[39m
     [90m 71 |[39m[0m

      at Object.warn (__tests__/integration/bookings.test.js:68:15)

    console.log
      2026-03-30 20:33:12 [[32minfo[39m]: GET /api/user/bookings

      at Console.log 
(node_modules/winston/lib/winston/transports/console.js:87:23)

    console.log
      2026-03-30 20:33:12 [[32minfo[39m]: GET /user/bookings - include:

      at Console.log 
(node_modules/winston/lib/winston/transports/console.js:87:23)

    console.log
      2026-03-30 20:33:12 [[31merror[39m]: Error fetching public profile for 
bookings: User not found

      at Console.log 
(node_modules/winston/lib/winston/transports/console.js:87:23)

    console.log
      2026-03-30 20:33:12 [[31merror[39m]: Error handler caught: User not 
found

      at Console.log 
(node_modules/winston/lib/winston/transports/console.js:87:23)

    console.log
      2026-03-30 20:33:12 [[31merror[39m]: Error: 404 - User not found

      at Console.log 
(node_modules/winston/lib/winston/transports/console.js:87:23)

  ΓùÅ Booking Routes ΓÇ║ GET /api/user/bookings ΓÇ║ should return 401 without 
auth

    expected 401 "Unauthorized", got 404 "Not Found"

    [0m [90m 144 |[39m       request(app)
     [90m 145 |[39m         
[33m.[39m[36mget[39m([32m'/api/user/bookings'[39m)
    [31m[1m>[22m[39m[90m 146 |[39m         
[33m.[39mexpect([35m401[39m[33m,[39m done)[33m;[39m
     [90m     |[39m          [31m[1m^[22m[39m
     [90m 147 |[39m     })[33m;[39m
     [90m 148 |[39m
     [90m 149 |[39m     it([32m'should return user 
bookings'[39m[33m,[39m (done) [33m=>[39m {[0m

      at Object.expect (__tests__/integration/bookings.test.js:146:10)
      ----
      at Test._assertStatus (node_modules/supertest/lib/test.js:252:14)
      at node_modules/supertest/lib/test.js:308:13
      at Test._assertFunction (node_modules/supertest/lib/test.js:285:13)
      at Test.assert (node_modules/supertest/lib/test.js:164:23)
      at Server.localAssert (node_modules/supertest/lib/test.js:120:14)

FAIL __tests__/unit/jwt.test.js
  ΓùÅ Console

    console.log
      2026-03-30 20:33:12 [[31merror[39m]: Error signing access token: 
secretOrPrivateKey must be an asymmetric key when using RS256

      at Console.log 
(node_modules/winston/lib/winston/transports/console.js:87:23)

    console.log
      2026-03-30 20:33:12 [[31merror[39m]: Error signing access token: 
secretOrPrivateKey must be an asymmetric key when using RS256

      at Console.log 
(node_modules/winston/lib/winston/transports/console.js:87:23)

    console.log
      2026-03-30 20:33:12 [[31merror[39m]: Error signing access token: 
secretOrPrivateKey must be an asymmetric key when using RS256

      at Console.log 
(node_modules/winston/lib/winston/transports/console.js:87:23)

    console.log
      2026-03-30 20:33:12 [[31merror[39m]: Error signing access token: 
secretOrPrivateKey must be an asymmetric key when using RS256

      at Console.log 
(node_modules/winston/lib/winston/transports/console.js:87:23)

    console.log
      2026-03-30 20:33:12 [[31merror[39m]: Error signing refresh token: 
secretOrPrivateKey must be an asymmetric key when using RS256

      at Console.log 
(node_modules/winston/lib/winston/transports/console.js:87:23)

    console.log
      2026-03-30 20:33:12 [[31merror[39m]: Error signing access token: 
secretOrPrivateKey must be an asymmetric key when using RS256

      at Console.log 
(node_modules/winston/lib/winston/transports/console.js:87:23)

    console.log
      2026-03-30 20:33:12 [[31merror[39m]: Error signing access token: 
secretOrPrivateKey must be an asymmetric key when using RS256

      at Console.log 
(node_modules/winston/lib/winston/transports/console.js:87:23)

    console.log
      2026-03-30 20:33:12 [[33mwarn[39m]: Invalid token: invalid token

      at Console.log 
(node_modules/winston/lib/winston/transports/console.js:87:23)

    console.log
      2026-03-30 20:33:12 [[31merror[39m]: Error signing access token: 
secretOrPrivateKey must be an asymmetric key when using RS256

      at Console.log 
(node_modules/winston/lib/winston/transports/console.js:87:23)

    console.log
      2026-03-30 20:33:12 [[31merror[39m]: Error signing access token: 
secretOrPrivateKey must be an asymmetric key when using RS256

      at Console.log 
(node_modules/winston/lib/winston/transports/console.js:87:23)

    console.log
      2026-03-30 20:33:12 [[31merror[39m]: Error signing access token: 
secretOrPrivateKey must be an asymmetric key when using RS256

      at Console.log 
(node_modules/winston/lib/winston/transports/console.js:87:23)

    console.log
      2026-03-30 20:33:12 [[31merror[39m]: Error signing access token: 
secretOrPrivateKey must be an asymmetric key when using RS256

      at Console.log 
(node_modules/winston/lib/winston/transports/console.js:87:23)

    console.log
      2026-03-30 20:33:12 [[31merror[39m]: Error signing access token: 
secretOrPrivateKey must be an asymmetric key when using RS256

      at Console.log 
(node_modules/winston/lib/winston/transports/console.js:87:23)

    console.log
      2026-03-30 20:33:12 [[31merror[39m]: Error signing access token: 
secretOrPrivateKey must be an asymmetric key when using RS256

      at Console.log 
(node_modules/winston/lib/winston/transports/console.js:87:23)

    console.log
      2026-03-30 20:33:12 [[31merror[39m]: Error signing access token: 
secretOrPrivateKey must be an asymmetric key when using RS256

      at Console.log 
(node_modules/winston/lib/winston/transports/console.js:87:23)

  ΓùÅ JWT Service ΓÇ║ signAccessToken ΓÇ║ should generate a valid access token

    Failed to sign access token

    [0m [90m 40 |[39m     } [36mcatch[39m (error) {
     [90m 41 |[39m       logger[33m.[39merror([32m'Error signing access 
token:'[39m[33m,[39m error)[33m;[39m
    [31m[1m>[22m[39m[90m 42 |[39m       [36mthrow[39m [36mnew[39m 
[33mError[39m([32m'Failed to sign access token'[39m)[33m;[39m
     [90m    |[39m             [31m[1m^[22m[39m
     [90m 43 |[39m     }
     [90m 44 |[39m   }
     [90m 45 |[39m[0m

      at JWTService.signAccessToken (src/auth/jwt.js:42:13)
      at Object.signAccessToken (__tests__/unit/jwt.test.js:23:32)

  ΓùÅ JWT Service ΓÇ║ signAccessToken ΓÇ║ should include correct payload in 
token

    Failed to sign access token

    [0m [90m 40 |[39m     } [36mcatch[39m (error) {
     [90m 41 |[39m       logger[33m.[39merror([32m'Error signing access 
token:'[39m[33m,[39m error)[33m;[39m
    [31m[1m>[22m[39m[90m 42 |[39m       [36mthrow[39m [36mnew[39m 
[33mError[39m([32m'Failed to sign access token'[39m)[33m;[39m
     [90m    |[39m             [31m[1m^[22m[39m
     [90m 43 |[39m     }
     [90m 44 |[39m   }
     [90m 45 |[39m[0m

      at JWTService.signAccessToken (src/auth/jwt.js:42:13)
      at Object.signAccessToken (__tests__/unit/jwt.test.js:31:32)

  ΓùÅ JWT Service ΓÇ║ signAccessToken ΓÇ║ should have correct issuer

    Failed to sign access token

    [0m [90m 40 |[39m     } [36mcatch[39m (error) {
     [90m 41 |[39m       logger[33m.[39merror([32m'Error signing access 
token:'[39m[33m,[39m error)[33m;[39m
    [31m[1m>[22m[39m[90m 42 |[39m       [36mthrow[39m [36mnew[39m 
[33mError[39m([32m'Failed to sign access token'[39m)[33m;[39m
     [90m    |[39m             [31m[1m^[22m[39m
     [90m 43 |[39m     }
     [90m 44 |[39m   }
     [90m 45 |[39m[0m

      at JWTService.signAccessToken (src/auth/jwt.js:42:13)
      at Object.signAccessToken (__tests__/unit/jwt.test.js:39:32)

  ΓùÅ JWT Service ΓÇ║ signAccessToken ΓÇ║ should have RS256 algorithm

    Failed to sign access token

    [0m [90m 40 |[39m     } [36mcatch[39m (error) {
     [90m 41 |[39m       logger[33m.[39merror([32m'Error signing access 
token:'[39m[33m,[39m error)[33m;[39m
    [31m[1m>[22m[39m[90m 42 |[39m       [36mthrow[39m [36mnew[39m 
[33mError[39m([32m'Failed to sign access token'[39m)[33m;[39m
     [90m    |[39m             [31m[1m^[22m[39m
     [90m 43 |[39m     }
     [90m 44 |[39m   }
     [90m 45 |[39m[0m

      at JWTService.signAccessToken (src/auth/jwt.js:42:13)
      at Object.signAccessToken (__tests__/unit/jwt.test.js:46:32)

  ΓùÅ JWT Service ΓÇ║ signRefreshToken ΓÇ║ should generate a valid refresh 
token

    Failed to sign refresh token

    [0m [90m 61 |[39m     } [36mcatch[39m (error) {
     [90m 62 |[39m       logger[33m.[39merror([32m'Error signing refresh 
token:'[39m[33m,[39m error)[33m;[39m
    [31m[1m>[22m[39m[90m 63 |[39m       [36mthrow[39m [36mnew[39m 
[33mError[39m([32m'Failed to sign refresh token'[39m)[33m;[39m
     [90m    |[39m             [31m[1m^[22m[39m
     [90m 64 |[39m     }
     [90m 65 |[39m   }
     [90m 66 |[39m[0m

      at JWTService.signRefreshToken (src/auth/jwt.js:63:13)
      at Object.signRefreshToken (__tests__/unit/jwt.test.js:55:32)

  ΓùÅ JWT Service ΓÇ║ signRefreshToken ΓÇ║ should have longer expiration than 
access token

    Failed to sign access token

    [0m [90m 40 |[39m     } [36mcatch[39m (error) {
     [90m 41 |[39m       logger[33m.[39merror([32m'Error signing access 
token:'[39m[33m,[39m error)[33m;[39m
    [31m[1m>[22m[39m[90m 42 |[39m       [36mthrow[39m [36mnew[39m 
[33mError[39m([32m'Failed to sign access token'[39m)[33m;[39m
     [90m    |[39m             [31m[1m^[22m[39m
     [90m 43 |[39m     }
     [90m 44 |[39m   }
     [90m 45 |[39m[0m

      at JWTService.signAccessToken (src/auth/jwt.js:42:13)
      at Object.signAccessToken (__tests__/unit/jwt.test.js:63:38)

  ΓùÅ JWT Service ΓÇ║ verifyToken ΓÇ║ should verify a valid token

    Failed to sign access token

    [0m [90m 40 |[39m     } [36mcatch[39m (error) {
     [90m 41 |[39m       logger[33m.[39merror([32m'Error signing access 
token:'[39m[33m,[39m error)[33m;[39m
    [31m[1m>[22m[39m[90m 42 |[39m       [36mthrow[39m [36mnew[39m 
[33mError[39m([32m'Failed to sign access token'[39m)[33m;[39m
     [90m    |[39m             [31m[1m^[22m[39m
     [90m 43 |[39m     }
     [90m 44 |[39m   }
     [90m 45 |[39m[0m

      at JWTService.signAccessToken (src/auth/jwt.js:42:13)
      at Object.signAccessToken (__tests__/unit/jwt.test.js:76:32)

  ΓùÅ JWT Service ΓÇ║ verifyToken ΓÇ║ should throw error for tampered payload

    Failed to sign access token

    [0m [90m 40 |[39m     } [36mcatch[39m (error) {
     [90m 41 |[39m       logger[33m.[39merror([32m'Error signing access 
token:'[39m[33m,[39m error)[33m;[39m
    [31m[1m>[22m[39m[90m 42 |[39m       [36mthrow[39m [36mnew[39m 
[33mError[39m([32m'Failed to sign access token'[39m)[33m;[39m
     [90m    |[39m             [31m[1m^[22m[39m
     [90m 43 |[39m     }
     [90m 44 |[39m   }
     [90m 45 |[39m[0m

      at JWTService.signAccessToken (src/auth/jwt.js:42:13)
      at Object.signAccessToken (__tests__/unit/jwt.test.js:92:32)

  ΓùÅ JWT Service ΓÇ║ generateTokenPair ΓÇ║ should generate both access and 
refresh tokens

    Failed to sign access token

    [0m [90m 40 |[39m     } [36mcatch[39m (error) {
     [90m 41 |[39m       logger[33m.[39merror([32m'Error signing access 
token:'[39m[33m,[39m error)[33m;[39m
    [31m[1m>[22m[39m[90m 42 |[39m       [36mthrow[39m [36mnew[39m 
[33mError[39m([32m'Failed to sign access token'[39m)[33m;[39m
     [90m    |[39m             [31m[1m^[22m[39m
     [90m 43 |[39m     }
     [90m 44 |[39m   }
     [90m 45 |[39m[0m

      at JWTService.signAccessToken (src/auth/jwt.js:42:13)
      at JWTService.signAccessToken [as generateTokenPair] 
(src/auth/jwt.js:108:30)
      at Object.generateTokenPair (__tests__/unit/jwt.test.js:110:33)

  ΓùÅ JWT Service ΓÇ║ generateTokenPair ΓÇ║ should generate different access 
and refresh tokens

    Failed to sign access token

    [0m [90m 40 |[39m     } [36mcatch[39m (error) {
     [90m 41 |[39m       logger[33m.[39merror([32m'Error signing access 
token:'[39m[33m,[39m error)[33m;[39m
    [31m[1m>[22m[39m[90m 42 |[39m       [36mthrow[39m [36mnew[39m 
[33mError[39m([32m'Failed to sign access token'[39m)[33m;[39m
     [90m    |[39m             [31m[1m^[22m[39m
     [90m 43 |[39m     }
     [90m 44 |[39m   }
     [90m 45 |[39m[0m

      at JWTService.signAccessToken (src/auth/jwt.js:42:13)
      at JWTService.signAccessToken [as generateTokenPair] 
(src/auth/jwt.js:108:30)
      at Object.generateTokenPair (__tests__/unit/jwt.test.js:121:33)

  ΓùÅ JWT Service ΓÇ║ generateTokenPair ΓÇ║ should mark tokens with correct 
type

    Failed to sign access token

    [0m [90m 40 |[39m     } [36mcatch[39m (error) {
     [90m 41 |[39m       logger[33m.[39merror([32m'Error signing access 
token:'[39m[33m,[39m error)[33m;[39m
    [31m[1m>[22m[39m[90m 42 |[39m       [36mthrow[39m [36mnew[39m 
[33mError[39m([32m'Failed to sign access token'[39m)[33m;[39m
     [90m    |[39m             [31m[1m^[22m[39m
     [90m 43 |[39m     }
     [90m 44 |[39m   }
     [90m 45 |[39m[0m

      at JWTService.signAccessToken (src/auth/jwt.js:42:13)
      at JWTService.signAccessToken [as generateTokenPair] 
(src/auth/jwt.js:108:30)
      at Object.generateTokenPair (__tests__/unit/jwt.test.js:130:33)

  ΓùÅ JWT Service ΓÇ║ refreshTokens ΓÇ║ should generate new tokens from valid 
refresh token

    Failed to sign access token

    [0m [90m 40 |[39m     } [36mcatch[39m (error) {
     [90m 41 |[39m       logger[33m.[39merror([32m'Error signing access 
token:'[39m[33m,[39m error)[33m;[39m
    [31m[1m>[22m[39m[90m 42 |[39m       [36mthrow[39m [36mnew[39m 
[33mError[39m([32m'Failed to sign access token'[39m)[33m;[39m
     [90m    |[39m             [31m[1m^[22m[39m
     [90m 43 |[39m     }
     [90m 44 |[39m   }
     [90m 45 |[39m[0m

      at JWTService.signAccessToken (src/auth/jwt.js:42:13)
      at JWTService.signAccessToken [as generateTokenPair] 
(src/auth/jwt.js:108:30)
      at Object.generateTokenPair (__tests__/unit/jwt.test.js:145:32)

  ΓùÅ JWT Service ΓÇ║ refreshTokens ΓÇ║ should throw error if refresh token 
type is wrong

    Failed to sign access token

    [0m [90m 40 |[39m     } [36mcatch[39m (error) {
     [90m 41 |[39m       logger[33m.[39merror([32m'Error signing access 
token:'[39m[33m,[39m error)[33m;[39m
    [31m[1m>[22m[39m[90m 42 |[39m       [36mthrow[39m [36mnew[39m 
[33mError[39m([32m'Failed to sign access token'[39m)[33m;[39m
     [90m    |[39m             [31m[1m^[22m[39m
     [90m 43 |[39m     }
     [90m 44 |[39m   }
     [90m 45 |[39m[0m

      at JWTService.signAccessToken (src/auth/jwt.js:42:13)
      at JWTService.signAccessToken [as generateTokenPair] 
(src/auth/jwt.js:108:30)
      at Object.generateTokenPair (__tests__/unit/jwt.test.js:159:31)

  ΓùÅ JWT Service ΓÇ║ refreshTokens ΓÇ║ should preserve user_id across 
refreshes

    Failed to sign access token

    [0m [90m 40 |[39m     } [36mcatch[39m (error) {
     [90m 41 |[39m       logger[33m.[39merror([32m'Error signing access 
token:'[39m[33m,[39m error)[33m;[39m
    [31m[1m>[22m[39m[90m 42 |[39m       [36mthrow[39m [36mnew[39m 
[33mError[39m([32m'Failed to sign access token'[39m)[33m;[39m
     [90m    |[39m             [31m[1m^[22m[39m
     [90m 43 |[39m     }
     [90m 44 |[39m   }
     [90m 45 |[39m[0m

      at JWTService.signAccessToken (src/auth/jwt.js:42:13)
      at JWTService.signAccessToken [as generateTokenPair] 
(src/auth/jwt.js:108:30)
      at Object.generateTokenPair (__tests__/unit/jwt.test.js:171:32)

  ΓùÅ JWT Service ΓÇ║ Token Expiration ΓÇ║ should reject expired token

    secretOrPrivateKey must be an asymmetric key when using RS256

    [0m [90m 187 |[39m       [90m// Create a token with an expired 'exp' 
claim (set to past timestamp)[39m
     [90m 188 |[39m       [36mconst[39m pastTimestamp [33m=[39m 
[33mMath[39m[33m.[39mfloor([33mDate[39m[33m.[39mnow() [35m/ 1000) - 
3600; /[39m[33m/[39m [35m1[39m hour ago
    [31m[1m>[22m[39m[90m 189 |[39m       [36mconst[39m expiredToken 
[33m=[39m jwt[33m.[39msign(
     [90m     |[39m                                [31m[1m^[22m[39m
     [90m 190 |[39m         { [33m...[39mtestPayload[33m,[39m 
exp[33m:[39m pastTimestamp }[33m,[39m
     [90m 191 |[39m         jwtService[33m.[39mprivateKey[33m,[39m
     [90m 192 |[39m         { algorithm[33m:[39m 
[32m'RS256'[39m[33m,[39m issuer[33m:[39m 
[32m'eventhub-api'[39m[33m,[39m noTimestamp[33m:[39m [36mtrue[39m }[0m

      at Object.<anonymous>.module.exports [as sign] 
(node_modules/jsonwebtoken/sign.js:130:22)
      at Object.sign (__tests__/unit/jwt.test.js:189:32)

PASS __tests__/integration/users.test.js
  ΓùÅ Console

    console.log
      2026-03-30 20:33:12 [[33mwarn[39m]: Firebase not configured. Running 
in mock mode.

      at Console.log 
(node_modules/winston/lib/winston/transports/console.js:87:23)

    console.warn
      Database not available for user route tests

    [0m [90m 43 |[39m       console[33m.[39mlog([32m'Test user 
created:'[39m[33m,[39m userId)[33m;[39m
     [90m 44 |[39m     } [36mcatch[39m (err) {
    [31m[1m>[22m[39m[90m 45 |[39m       
console[33m.[39mwarn([32m'Database not available for user route 
tests'[39m)[33m;[39m
     [90m    |[39m               [31m[1m^[22m[39m
     [90m 46 |[39m     }
     [90m 47 |[39m   })[33m;[39m
     [90m 48 |[39m[0m

      at Object.warn (__tests__/integration/users.test.js:45:15)

    console.log
      2026-03-30 20:33:12 [[32minfo[39m]: GET /api/user/profile

      at Console.log 
(node_modules/winston/lib/winston/transports/console.js:87:23)

    console.log
      2026-03-30 20:33:12 [[34mdebug[39m]: No authorization header provided

      at Console.log 
(node_modules/winston/lib/winston/transports/console.js:87:23)

    console.log
      Skipping test - no access token

      at Object.log (__tests__/integration/users.test.js:68:17)

    console.log
      2026-03-30 20:33:12 [[32minfo[39m]: PUT /api/user/profile

      at Console.log 
(node_modules/winston/lib/winston/transports/console.js:87:23)

    console.log
      2026-03-30 20:33:12 [[34mdebug[39m]: No authorization header provided

      at Console.log 
(node_modules/winston/lib/winston/transports/console.js:87:23)

    console.log
      2026-03-30 20:33:12 [[32minfo[39m]: GET 
/api/user/2ab7303b-d462-4439-950d-3d591d6cfb13

      at Console.log 
(node_modules/winston/lib/winston/transports/console.js:87:23)

    console.log
      2026-03-30 20:33:12 [[32minfo[39m]: GET 
/user/2ab7303b-d462-4439-950d-3d591d6cfb13 - include:

      at Console.log 
(node_modules/winston/lib/winston/transports/console.js:87:23)

    console.log
      2026-03-30 20:33:12 [[34mdebug[39m]: Response: 200 - {"success":true,"d
ata":{"id":"2ab7303b-d462-4439-950d-3d591d6cfb13","first_name":"Test","last_nam
e":

      at Console.log 
(node_modules/winston/lib/winston/transports/console.js:87:23)

    console.log
      2026-03-30 20:33:12 [[32minfo[39m]: GET 
/api/user/bdf4c1a9-f538-4d23-85f2-7b95474b4d53

      at Console.log 
(node_modules/winston/lib/winston/transports/console.js:87:23)

    console.log
      2026-03-30 20:33:12 [[32minfo[39m]: GET 
/user/bdf4c1a9-f538-4d23-85f2-7b95474b4d53 - include:

      at Console.log 
(node_modules/winston/lib/winston/transports/console.js:87:23)

    console.log
      2026-03-30 20:33:12 [[31merror[39m]: Error fetching public profile for 
bdf4c1a9-f538-4d23-85f2-7b95474b4d53: User not found

      at Console.log 
(node_modules/winston/lib/winston/transports/console.js:87:23)

    console.log
      2026-03-30 20:33:12 [[31merror[39m]: Error handler caught: User not 
found

      at Console.log 
(node_modules/winston/lib/winston/transports/console.js:87:23)

    console.log
      2026-03-30 20:33:12 [[31merror[39m]: Error: 404 - User not found

      at Console.log 
(node_modules/winston/lib/winston/transports/console.js:87:23)

    console.log
      2026-03-30 20:33:12 [[32minfo[39m]: GET 
/api/user/2ab7303b-d462-4439-950d-3d591d6cfb13

      at Console.log 
(node_modules/winston/lib/winston/transports/console.js:87:23)

    console.log
      2026-03-30 20:33:12 [[32minfo[39m]: GET 
/user/2ab7303b-d462-4439-950d-3d591d6cfb13 - include:

      at Console.log 
(node_modules/winston/lib/winston/transports/console.js:87:23)

    console.log
      2026-03-30 20:33:12 [[34mdebug[39m]: Response: 200 - {"success":true,"d
ata":{"id":"2ab7303b-d462-4439-950d-3d591d6cfb13","first_name":"Test","last_nam
e":

      at Console.log 
(node_modules/winston/lib/winston/transports/console.js:87:23)

    console.log
      2026-03-30 20:33:12 [[32minfo[39m]: GET 
/api/user/2ab7303b-d462-4439-950d-3d591d6cfb13

      at Console.log 
(node_modules/winston/lib/winston/transports/console.js:87:23)

    console.log
      2026-03-30 20:33:12 [[32minfo[39m]: GET 
/user/2ab7303b-d462-4439-950d-3d591d6cfb13 - include: ratings,badges

      at Console.log 
(node_modules/winston/lib/winston/transports/console.js:87:23)

    console.log
      2026-03-30 20:33:12 [[34mdebug[39m]: Response: 200 - {"success":true,"d
ata":{"id":"2ab7303b-d462-4439-950d-3d591d6cfb13","first_name":"Test","last_nam
e":

      at Console.log 
(node_modules/winston/lib/winston/transports/console.js:87:23)

-----------------------|---------|----------|---------|---------|----------------------------------------------------------
File                   | % Stmts | % Branch | % Funcs | % Lines | Uncovered Line #s                                        
-----------------------|---------|----------|---------|---------|----------------------------------------------------------
All files              |    38.5 |    34.22 |   33.33 |   39.24 |                                                          
 src                   |   84.21 |       50 |      25 |   84.21 |                                                          
  index.js             |   84.21 |       50 |      25 |   84.21 | 41,53-55,63-64                                           
 src/auth              |   57.54 |    53.48 |    90.9 |   57.54 |                                                          
  firebase.js          |   56.89 |       50 |      80 |   56.89 | 34-76,113-114,144-172                                    
  jwt.js               |   58.33 |    57.89 |     100 |   58.33 | 21,38-39,59-60,79-80,83-84,90-91,109-115,131-138,146-147 
 src/middleware        |    64.4 |    65.78 |   66.66 |   65.51 |                                                          
  auth.js              |      50 |       50 |      50 |      50 | 40-46,51,64-95                                           
  errorHandler.js      |    64.7 |    76.19 |      50 |   68.75 | 17-18,27,31,35                                           
  responseFormatter.js |     100 |       60 |     100 |     100 | 27-28                                                    
 src/routes            |    44.8 |     52.7 |   31.81 |    44.8 |                                                          
  auth.js              |   64.58 |       60 |      50 |   64.58 | 60-61,93-94,113-135,152-163                              
  bookings.js          |   23.25 |        0 |       0 |   23.25 | 22-30,39-59,68-81,90-98                                  
  events.js            |   50.72 |    64.28 |      50 |   50.72 | 62-69,88,104,126,137-150,159-173,182-190                 
  reviews.js           |   33.33 |    33.33 |      20 |   33.33 | 24-38,47-60,76,91-105,114-122                            
  users.js             |   51.51 |       50 |   33.33 |   51.51 | 22-29,38-52                                              
 src/schemas           |     100 |      100 |     100 |     100 |                                                          
  validation.js        |     100 |      100 |     100 |     100 |                                                          
 src/services          |   15.43 |    13.87 |    9.52 |   16.09 |                                                          
  BookingService.js    |    7.01 |        0 |       0 |    7.14 | 18-230                                                   
  EventService.js      |   22.12 |    16.41 |   13.33 |   22.12 | 18-54,72-121,138-242,262,276,279,291-310,333-424         
  ReviewService.js     |   11.11 |     7.89 |    9.09 |   11.49 | 19-210,230-247,273-335                                   
  UserService.js       |   16.88 |    22.22 |   11.11 |    19.4 | 16-71,104,109,125-227                                    
 src/utils             |     100 |       50 |     100 |     100 |                                                          
  logger.js            |     100 |       50 |     100 |     100 | 4                                                        
-----------------------|---------|----------|---------|---------|----------------------------------------------------------

Test Suites: 5 failed, 1 passed, 6 total
Tests:       33 failed, 58 passed, 91 total
Snapshots:   0 total
Time:        2.981 s, estimated 3 s
Ran all test suites.
